// Jest Snapshot v1, https://goo.gl/fbAQLP

exports[`FormField renders label + input + error 1`] = `
<div
  class="flex flex-col gap-1"
>
  <label
    class="text-label-lg text-on-surface-variant"
    for="email"
  >
    Correo
  </label>
  <input
    aria-invalid="true"
    class="w-full rounded border bg-surface-container-lowest px-3 py-2 text-body-md text-on-surface focus:outline-none focus:ring-2 disabled:bg-surface-container disabled:cursor-not-allowed disabled:opacity-60 transition-colors duration-150 border-error focus:ring-error focus:border-error"
    id="email"
    name="email"
  />
  <span
    class="text-label-md text-error mt-1"
    role="alert"
  >
    Requerido
  </span>
</div>
`;

exports[`FormField renders without error 1`] = `
<div
  class="flex flex-col gap-1"
>
  <label
    class="text-label-lg text-on-surface-variant"
    for="name"
  >
    Nombre
  </label>
  <input
    aria-invalid="false"
    class="w-full rounded border border-outline bg-surface-container-lowest px-3 py-2 text-body-md text-on-surface focus:outline-none focus:ring-2 focus:ring-primary focus:border-primary disabled:bg-surface-container disabled:cursor-not-allowed disabled:opacity-60 transition-colors duration-150"
    id="name"
    name="name"
  />
</div>
`;
